
> web-app@0.0.0 build
> node tools/generate-llms.js || true && vite build

BUILD_OK  
